// Jest Snapshot v1, https://goo.gl/fbAQLP

exports[`카운터 테스트 스냅샷 매치 1`] = `
<div>
  <h2>
    0
  </h2>
  <button!
    onClick={[Function]}
  />
  <button
    onClick={[Function]}
  />
</div>
`;
